MPLINK 5.09, LINKER
Linker Map File - Created Mon Jan 18 10:15:53 2021

                                 Section Info
                  Section       Type    Address   Location Size(Bytes)
                ---------  ---------  ---------  ---------  ---------
                   .org_0       code   0x000000    program   0x000002
                   .cinit    romdata   0x000001    program   0x000004
                   .org_1       code   0x000004    program   0x000002
                   .org_2       code   0x000005    program   0x0004fe
.config_2007_BUILD/DEFAULT/PRODUCTION/KBD_LCD       code   0x002007    program   0x000002



                              Program Memory Usage 
                               Start         End      
                           ---------   ---------      
                            0x000000    0x000002      
                            0x000004    0x000283      
                            0x002007    0x002007      
            644 out of 8454 program addresses used, program memory utilization is 7%



                              Symbols - Sorted by Name
                     Name    Address   Location    Storage File                     
                ---------  ---------  ---------  --------- ---------                
                 ACEPTADO   0x0000cc    program     static C:\Users\Rebeca Alvarado\Documents\Licenciatura\7Semestre\LEnsamblador\00PAlarma\LCD.X\mensajes_tablas.asm
                 ACTIVADA   0x000225    program     static C:\Users\Rebeca Alvarado\Documents\Licenciatura\7Semestre\LEnsamblador\00PAlarma\LCD.X\kbd_lcd.asm
                    APAGA   0x0001b5    program     static C:\Users\Rebeca Alvarado\Documents\Licenciatura\7Semestre\LEnsamblador\00PAlarma\LCD.X\kbd_lcd.asm
                   BARRE1   0x000078    program     static C:\Users\Rebeca Alvarado\Documents\Licenciatura\7Semestre\LEnsamblador\00PAlarma\LCD.X\kbd_cxx.asm
                 BARREFIN   0x00008f    program     static C:\Users\Rebeca Alvarado\Documents\Licenciatura\7Semestre\LEnsamblador\00PAlarma\LCD.X\kbd_cxx.asm
                    BLOCK   0x0000f4    program     static C:\Users\Rebeca Alvarado\Documents\Licenciatura\7Semestre\LEnsamblador\00PAlarma\LCD.X\mensajes_tablas.asm
             BORRA_Y_HOME   0x00003c    program     static C:\Users\Rebeca Alvarado\Documents\Licenciatura\7Semestre\LEnsamblador\00PAlarma\LCD.X\lcd_cxx.asm
                   CHECAR   0x000263    program     static C:\Users\Rebeca Alvarado\Documents\Licenciatura\7Semestre\LEnsamblador\00PAlarma\LCD.X\kbd_lcd.asm
                   CODIGO   0x0000c4    program     static C:\Users\Rebeca Alvarado\Documents\Licenciatura\7Semestre\LEnsamblador\00PAlarma\LCD.X\mensajes_tablas.asm
           COMPARAR_ARRAY   0x000118    program     static C:\Users\Rebeca Alvarado\Documents\Licenciatura\7Semestre\LEnsamblador\00PAlarma\LCD.X\kbd_lcd.asm
                 CONTINUA   0x0001b6    program     static C:\Users\Rebeca Alvarado\Documents\Licenciatura\7Semestre\LEnsamblador\00PAlarma\LCD.X\kbd_lcd.asm
                     DEL1   0x000170    program     static C:\Users\Rebeca Alvarado\Documents\Licenciatura\7Semestre\LEnsamblador\00PAlarma\LCD.X\kbd_lcd.asm
                     DEL2   0x00016e    program     static C:\Users\Rebeca Alvarado\Documents\Licenciatura\7Semestre\LEnsamblador\00PAlarma\LCD.X\kbd_lcd.asm
                    DELAY   0x00016c    program     static C:\Users\Rebeca Alvarado\Documents\Licenciatura\7Semestre\LEnsamblador\00PAlarma\LCD.X\kbd_lcd.asm
              DESBLOQUEAR   0x0001f7    program     static C:\Users\Rebeca Alvarado\Documents\Licenciatura\7Semestre\LEnsamblador\00PAlarma\LCD.X\kbd_lcd.asm
                     DIFF   0x000137    program     static C:\Users\Rebeca Alvarado\Documents\Licenciatura\7Semestre\LEnsamblador\00PAlarma\LCD.X\kbd_lcd.asm
       DISPLAY_ON_CUR_OFF   0x00003f    program     static C:\Users\Rebeca Alvarado\Documents\Licenciatura\7Semestre\LEnsamblador\00PAlarma\LCD.X\lcd_cxx.asm
                     FINC   0x000130    program     static C:\Users\Rebeca Alvarado\Documents\Licenciatura\7Semestre\LEnsamblador\00PAlarma\LCD.X\kbd_lcd.asm
                  FIN_INT   0x00018b    program     static C:\Users\Rebeca Alvarado\Documents\Licenciatura\7Semestre\LEnsamblador\00PAlarma\LCD.X\kbd_lcd.asm
                  FIN_PIN   0x0001e4    program     static C:\Users\Rebeca Alvarado\Documents\Licenciatura\7Semestre\LEnsamblador\00PAlarma\LCD.X\kbd_lcd.asm
                    GranD   0x000175    program     static C:\Users\Rebeca Alvarado\Documents\Licenciatura\7Semestre\LEnsamblador\00PAlarma\LCD.X\kbd_lcd.asm
                HEX_ASCII   0x0000b2    program     static C:\Users\Rebeca Alvarado\Documents\Licenciatura\7Semestre\LEnsamblador\00PAlarma\LCD.X\mensajes_tablas.asm
                    IGUAL   0x000135    program     static C:\Users\Rebeca Alvarado\Documents\Licenciatura\7Semestre\LEnsamblador\00PAlarma\LCD.X\kbd_lcd.asm
             INCORRECTO_3   0x0001e5    program     static C:\Users\Rebeca Alvarado\Documents\Licenciatura\7Semestre\LEnsamblador\00PAlarma\LCD.X\kbd_lcd.asm
               INICIALIZA   0x000139    program     static C:\Users\Rebeca Alvarado\Documents\Licenciatura\7Semestre\LEnsamblador\00PAlarma\LCD.X\kbd_lcd.asm
                 INIT_RES   0x00018d    program     static C:\Users\Rebeca Alvarado\Documents\Licenciatura\7Semestre\LEnsamblador\00PAlarma\LCD.X\kbd_lcd.asm
                INIT_UART   0x0000fc    program     static C:\Users\Rebeca Alvarado\Documents\Licenciatura\7Semestre\LEnsamblador\00PAlarma\LCD.X\UART_LIB.asm
                    INTER   0x000181    program     static C:\Users\Rebeca Alvarado\Documents\Licenciatura\7Semestre\LEnsamblador\00PAlarma\LCD.X\kbd_lcd.asm
                 INT_TMR0   0x000187    program     static C:\Users\Rebeca Alvarado\Documents\Licenciatura\7Semestre\LEnsamblador\00PAlarma\LCD.X\kbd_lcd.asm
                KBD_BARRE   0x000076    program     static C:\Users\Rebeca Alvarado\Documents\Licenciatura\7Semestre\LEnsamblador\00PAlarma\LCD.X\kbd_cxx.asm
                  KBD_INI   0x00006f    program     static C:\Users\Rebeca Alvarado\Documents\Licenciatura\7Semestre\LEnsamblador\00PAlarma\LCD.X\kbd_cxx.asm
                  KBD_LCD   0x0001a2    program     static C:\Users\Rebeca Alvarado\Documents\Licenciatura\7Semestre\LEnsamblador\00PAlarma\LCD.X\kbd_lcd.asm
                  KBD_LIB   0x0000ac    program     static C:\Users\Rebeca Alvarado\Documents\Licenciatura\7Semestre\LEnsamblador\00PAlarma\LCD.X\kbd_cxx.asm
                  KBD_NUM   0x000098    program     static C:\Users\Rebeca Alvarado\Documents\Licenciatura\7Semestre\LEnsamblador\00PAlarma\LCD.X\kbd_cxx.asm
                 KBD_TONO   0x0000a0    program     static C:\Users\Rebeca Alvarado\Documents\Licenciatura\7Semestre\LEnsamblador\00PAlarma\LCD.X\kbd_cxx.asm
                KBD_VALID   0x000090    program     static C:\Users\Rebeca Alvarado\Documents\Licenciatura\7Semestre\LEnsamblador\00PAlarma\LCD.X\kbd_cxx.asm
                KB_LC_FIN   0x0001b0    program     static C:\Users\Rebeca Alvarado\Documents\Licenciatura\7Semestre\LEnsamblador\00PAlarma\LCD.X\kbd_lcd.asm
                  KEY_TAB   0x00004b    program     static C:\Users\Rebeca Alvarado\Documents\Licenciatura\7Semestre\LEnsamblador\00PAlarma\LCD.X\kbd_cxx.asm
                 LCD_BUSY   0x00000c    program     static C:\Users\Rebeca Alvarado\Documents\Licenciatura\7Semestre\LEnsamblador\00PAlarma\LCD.X\lcd_cxx.asm
                 LCD_DATO   0x000027    program     static C:\Users\Rebeca Alvarado\Documents\Licenciatura\7Semestre\LEnsamblador\00PAlarma\LCD.X\lcd_cxx.asm
                LCD_DELAY   0x000042    program     static C:\Users\Rebeca Alvarado\Documents\Licenciatura\7Semestre\LEnsamblador\00PAlarma\LCD.X\lcd_cxx.asm
              LCD_DELAY_1   0x000046    program     static C:\Users\Rebeca Alvarado\Documents\Licenciatura\7Semestre\LEnsamblador\00PAlarma\LCD.X\lcd_cxx.asm
                    LCD_E   0x00001f    program     static C:\Users\Rebeca Alvarado\Documents\Licenciatura\7Semestre\LEnsamblador\00PAlarma\LCD.X\lcd_cxx.asm
                  LCD_INI   0x000032    program     static C:\Users\Rebeca Alvarado\Documents\Licenciatura\7Semestre\LEnsamblador\00PAlarma\LCD.X\lcd_cxx.asm
                  LCD_REG   0x00002d    program     static C:\Users\Rebeca Alvarado\Documents\Licenciatura\7Semestre\LEnsamblador\00PAlarma\LCD.X\lcd_cxx.asm
                    LOOP1   0x00025e    program     static C:\Users\Rebeca Alvarado\Documents\Licenciatura\7Semestre\LEnsamblador\00PAlarma\LCD.X\kbd_lcd.asm
                    LOOP2   0x000280    program     static C:\Users\Rebeca Alvarado\Documents\Licenciatura\7Semestre\LEnsamblador\00PAlarma\LCD.X\kbd_lcd.asm
                   L_BUSY   0x000017    program     static C:\Users\Rebeca Alvarado\Documents\Licenciatura\7Semestre\LEnsamblador\00PAlarma\LCD.X\lcd_cxx.asm
                MSG_ERROR   0x0000d4    program     static C:\Users\Rebeca Alvarado\Documents\Licenciatura\7Semestre\LEnsamblador\00PAlarma\LCD.X\mensajes_tablas.asm
                  MatchMM   0x000129    program     static C:\Users\Rebeca Alvarado\Documents\Licenciatura\7Semestre\LEnsamblador\00PAlarma\LCD.X\kbd_lcd.asm
                     NADA   0x0000dc    program     static C:\Users\Rebeca Alvarado\Documents\Licenciatura\7Semestre\LEnsamblador\00PAlarma\LCD.X\mensajes_tablas.asm
                    NUEVO   0x0000e3    program     static C:\Users\Rebeca Alvarado\Documents\Licenciatura\7Semestre\LEnsamblador\00PAlarma\LCD.X\mensajes_tablas.asm
                NUEVO_PIN   0x0001c2    program     static C:\Users\Rebeca Alvarado\Documents\Licenciatura\7Semestre\LEnsamblador\00PAlarma\LCD.X\kbd_lcd.asm
                     NUM1   0x000099    program     static C:\Users\Rebeca Alvarado\Documents\Licenciatura\7Semestre\LEnsamblador\00PAlarma\LCD.X\kbd_cxx.asm
                   NUMFIN   0x00009f    program     static C:\Users\Rebeca Alvarado\Documents\Licenciatura\7Semestre\LEnsamblador\00PAlarma\LCD.X\kbd_cxx.asm
                     PASS   0x000272    program     static C:\Users\Rebeca Alvarado\Documents\Licenciatura\7Semestre\LEnsamblador\00PAlarma\LCD.X\kbd_lcd.asm
                  PIN_MAL   0x0001fe    program     static C:\Users\Rebeca Alvarado\Documents\Licenciatura\7Semestre\LEnsamblador\00PAlarma\LCD.X\kbd_lcd.asm
                   PIN_OK   0x000212    program     static C:\Users\Rebeca Alvarado\Documents\Licenciatura\7Semestre\LEnsamblador\00PAlarma\LCD.X\kbd_lcd.asm
                  RX_OERR   0x000115    program     static C:\Users\Rebeca Alvarado\Documents\Licenciatura\7Semestre\LEnsamblador\00PAlarma\LCD.X\UART_LIB.asm
                SERV_TMR0   0x0001b1    program     static C:\Users\Rebeca Alvarado\Documents\Licenciatura\7Semestre\LEnsamblador\00PAlarma\LCD.X\kbd_lcd.asm
               SHOW_ERROR   0x00026c    program     static C:\Users\Rebeca Alvarado\Documents\Licenciatura\7Semestre\LEnsamblador\00PAlarma\LCD.X\kbd_lcd.asm
                  SIGUEMM   0x00012a    program     static C:\Users\Rebeca Alvarado\Documents\Licenciatura\7Semestre\LEnsamblador\00PAlarma\LCD.X\kbd_lcd.asm
                     TONO   0x00005d    program     static C:\Users\Rebeca Alvarado\Documents\Licenciatura\7Semestre\LEnsamblador\00PAlarma\LCD.X\kbd_cxx.asm
                  TRIGGER   0x0001bb    program     static C:\Users\Rebeca Alvarado\Documents\Licenciatura\7Semestre\LEnsamblador\00PAlarma\LCD.X\kbd_lcd.asm
              UART_ENVIAR   0x00010a    program     static C:\Users\Rebeca Alvarado\Documents\Licenciatura\7Semestre\LEnsamblador\00PAlarma\LCD.X\UART_LIB.asm
             UART_RECIBIR   0x00010f    program     static C:\Users\Rebeca Alvarado\Documents\Licenciatura\7Semestre\LEnsamblador\00PAlarma\LCD.X\UART_LIB.asm
                   UP_LCD   0x000005    program     static C:\Users\Rebeca Alvarado\Documents\Licenciatura\7Semestre\LEnsamblador\00PAlarma\LCD.X\lcd_cxx.asm
               WAIT_ARMAR   0x0000ec    program     static C:\Users\Rebeca Alvarado\Documents\Licenciatura\7Semestre\LEnsamblador\00PAlarma\LCD.X\mensajes_tablas.asm
               WLCOMPARAR   0x00011a    program     static C:\Users\Rebeca Alvarado\Documents\Licenciatura\7Semestre\LEnsamblador\00PAlarma\LCD.X\kbd_lcd.asm
                     WT_0   0x00024b    program     static C:\Users\Rebeca Alvarado\Documents\Licenciatura\7Semestre\LEnsamblador\00PAlarma\LCD.X\kbd_lcd.asm
                 WT_ARMAR   0x00025b    program     static C:\Users\Rebeca Alvarado\Documents\Licenciatura\7Semestre\LEnsamblador\00PAlarma\LCD.X\kbd_lcd.asm
                    WT_S2   0x0001e1    program     static C:\Users\Rebeca Alvarado\Documents\Licenciatura\7Semestre\LEnsamblador\00PAlarma\LCD.X\kbd_lcd.asm
                    WT_S3   0x0001de    program     static C:\Users\Rebeca Alvarado\Documents\Licenciatura\7Semestre\LEnsamblador\00PAlarma\LCD.X\kbd_lcd.asm
                _13FINMEN   0x000168    program     static C:\Users\Rebeca Alvarado\Documents\Licenciatura\7Semestre\LEnsamblador\00PAlarma\LCD.X\kbd_lcd.asm
                  _13LAZO   0x000161    program     static C:\Users\Rebeca Alvarado\Documents\Licenciatura\7Semestre\LEnsamblador\00PAlarma\LCD.X\kbd_lcd.asm
                _15FINMEN   0x00019d    program     static C:\Users\Rebeca Alvarado\Documents\Licenciatura\7Semestre\LEnsamblador\00PAlarma\LCD.X\kbd_lcd.asm
                  _15LAZO   0x000196    program     static C:\Users\Rebeca Alvarado\Documents\Licenciatura\7Semestre\LEnsamblador\00PAlarma\LCD.X\kbd_lcd.asm
                _19FINMEN   0x0001ce    program     static C:\Users\Rebeca Alvarado\Documents\Licenciatura\7Semestre\LEnsamblador\00PAlarma\LCD.X\kbd_lcd.asm
                  _19LAZO   0x0001c7    program     static C:\Users\Rebeca Alvarado\Documents\Licenciatura\7Semestre\LEnsamblador\00PAlarma\LCD.X\kbd_lcd.asm
                _21FINMEN   0x0001f2    program     static C:\Users\Rebeca Alvarado\Documents\Licenciatura\7Semestre\LEnsamblador\00PAlarma\LCD.X\kbd_lcd.asm
                  _21LAZO   0x0001eb    program     static C:\Users\Rebeca Alvarado\Documents\Licenciatura\7Semestre\LEnsamblador\00PAlarma\LCD.X\kbd_lcd.asm
                _22FINMEN   0x000209    program     static C:\Users\Rebeca Alvarado\Documents\Licenciatura\7Semestre\LEnsamblador\00PAlarma\LCD.X\kbd_lcd.asm
                  _22LAZO   0x000202    program     static C:\Users\Rebeca Alvarado\Documents\Licenciatura\7Semestre\LEnsamblador\00PAlarma\LCD.X\kbd_lcd.asm
              _23delayaso   0x00020d    program     static C:\Users\Rebeca Alvarado\Documents\Licenciatura\7Semestre\LEnsamblador\00PAlarma\LCD.X\kbd_lcd.asm
                _24FINMEN   0x00021d    program     static C:\Users\Rebeca Alvarado\Documents\Licenciatura\7Semestre\LEnsamblador\00PAlarma\LCD.X\kbd_lcd.asm
                  _24LAZO   0x000216    program     static C:\Users\Rebeca Alvarado\Documents\Licenciatura\7Semestre\LEnsamblador\00PAlarma\LCD.X\kbd_lcd.asm
              _25delayaso   0x000221    program     static C:\Users\Rebeca Alvarado\Documents\Licenciatura\7Semestre\LEnsamblador\00PAlarma\LCD.X\kbd_lcd.asm
                _26FINMEN   0x000231    program     static C:\Users\Rebeca Alvarado\Documents\Licenciatura\7Semestre\LEnsamblador\00PAlarma\LCD.X\kbd_lcd.asm
                  _26LAZO   0x00022a    program     static C:\Users\Rebeca Alvarado\Documents\Licenciatura\7Semestre\LEnsamblador\00PAlarma\LCD.X\kbd_lcd.asm
                _27FINMEN   0x00023e    program     static C:\Users\Rebeca Alvarado\Documents\Licenciatura\7Semestre\LEnsamblador\00PAlarma\LCD.X\kbd_lcd.asm
                  _27LAZO   0x000237    program     static C:\Users\Rebeca Alvarado\Documents\Licenciatura\7Semestre\LEnsamblador\00PAlarma\LCD.X\kbd_lcd.asm
              _29delayaso   0x000248    program     static C:\Users\Rebeca Alvarado\Documents\Licenciatura\7Semestre\LEnsamblador\00PAlarma\LCD.X\kbd_lcd.asm
                _30FINMEN   0x000256    program     static C:\Users\Rebeca Alvarado\Documents\Licenciatura\7Semestre\LEnsamblador\00PAlarma\LCD.X\kbd_lcd.asm
                  _30LAZO   0x00024f    program     static C:\Users\Rebeca Alvarado\Documents\Licenciatura\7Semestre\LEnsamblador\00PAlarma\LCD.X\kbd_lcd.asm
                _32FINMEN   0x00027e    program     static C:\Users\Rebeca Alvarado\Documents\Licenciatura\7Semestre\LEnsamblador\00PAlarma\LCD.X\kbd_lcd.asm
                  _32LAZO   0x000277    program     static C:\Users\Rebeca Alvarado\Documents\Licenciatura\7Semestre\LEnsamblador\00PAlarma\LCD.X\kbd_lcd.asm
                     main   0x000243    program     static C:\Users\Rebeca Alvarado\Documents\Licenciatura\7Semestre\LEnsamblador\00PAlarma\LCD.X\kbd_lcd.asm
               nueva_otra   0x0001c2    program     static C:\Users\Rebeca Alvarado\Documents\Licenciatura\7Semestre\LEnsamblador\00PAlarma\LCD.X\kbd_lcd.asm
                     wtRF   0x0001f7    program     static C:\Users\Rebeca Alvarado\Documents\Licenciatura\7Semestre\LEnsamblador\00PAlarma\LCD.X\kbd_lcd.asm
                  wtR_pin   0x0001d0    program     static C:\Users\Rebeca Alvarado\Documents\Licenciatura\7Semestre\LEnsamblador\00PAlarma\LCD.X\kbd_lcd.asm
                      wtT   0x00010b    program     static C:\Users\Rebeca Alvarado\Documents\Licenciatura\7Semestre\LEnsamblador\00PAlarma\LCD.X\UART_LIB.asm



                              Symbols - Sorted by Address
                     Name    Address   Location    Storage File                     
                ---------  ---------  ---------  --------- ---------                
                   UP_LCD   0x000005    program     static C:\Users\Rebeca Alvarado\Documents\Licenciatura\7Semestre\LEnsamblador\00PAlarma\LCD.X\lcd_cxx.asm
                 LCD_BUSY   0x00000c    program     static C:\Users\Rebeca Alvarado\Documents\Licenciatura\7Semestre\LEnsamblador\00PAlarma\LCD.X\lcd_cxx.asm
                   L_BUSY   0x000017    program     static C:\Users\Rebeca Alvarado\Documents\Licenciatura\7Semestre\LEnsamblador\00PAlarma\LCD.X\lcd_cxx.asm
                    LCD_E   0x00001f    program     static C:\Users\Rebeca Alvarado\Documents\Licenciatura\7Semestre\LEnsamblador\00PAlarma\LCD.X\lcd_cxx.asm
                 LCD_DATO   0x000027    program     static C:\Users\Rebeca Alvarado\Documents\Licenciatura\7Semestre\LEnsamblador\00PAlarma\LCD.X\lcd_cxx.asm
                  LCD_REG   0x00002d    program     static C:\Users\Rebeca Alvarado\Documents\Licenciatura\7Semestre\LEnsamblador\00PAlarma\LCD.X\lcd_cxx.asm
                  LCD_INI   0x000032    program     static C:\Users\Rebeca Alvarado\Documents\Licenciatura\7Semestre\LEnsamblador\00PAlarma\LCD.X\lcd_cxx.asm
             BORRA_Y_HOME   0x00003c    program     static C:\Users\Rebeca Alvarado\Documents\Licenciatura\7Semestre\LEnsamblador\00PAlarma\LCD.X\lcd_cxx.asm
       DISPLAY_ON_CUR_OFF   0x00003f    program     static C:\Users\Rebeca Alvarado\Documents\Licenciatura\7Semestre\LEnsamblador\00PAlarma\LCD.X\lcd_cxx.asm
                LCD_DELAY   0x000042    program     static C:\Users\Rebeca Alvarado\Documents\Licenciatura\7Semestre\LEnsamblador\00PAlarma\LCD.X\lcd_cxx.asm
              LCD_DELAY_1   0x000046    program     static C:\Users\Rebeca Alvarado\Documents\Licenciatura\7Semestre\LEnsamblador\00PAlarma\LCD.X\lcd_cxx.asm
                  KEY_TAB   0x00004b    program     static C:\Users\Rebeca Alvarado\Documents\Licenciatura\7Semestre\LEnsamblador\00PAlarma\LCD.X\kbd_cxx.asm
                     TONO   0x00005d    program     static C:\Users\Rebeca Alvarado\Documents\Licenciatura\7Semestre\LEnsamblador\00PAlarma\LCD.X\kbd_cxx.asm
                  KBD_INI   0x00006f    program     static C:\Users\Rebeca Alvarado\Documents\Licenciatura\7Semestre\LEnsamblador\00PAlarma\LCD.X\kbd_cxx.asm
                KBD_BARRE   0x000076    program     static C:\Users\Rebeca Alvarado\Documents\Licenciatura\7Semestre\LEnsamblador\00PAlarma\LCD.X\kbd_cxx.asm
                   BARRE1   0x000078    program     static C:\Users\Rebeca Alvarado\Documents\Licenciatura\7Semestre\LEnsamblador\00PAlarma\LCD.X\kbd_cxx.asm
                 BARREFIN   0x00008f    program     static C:\Users\Rebeca Alvarado\Documents\Licenciatura\7Semestre\LEnsamblador\00PAlarma\LCD.X\kbd_cxx.asm
                KBD_VALID   0x000090    program     static C:\Users\Rebeca Alvarado\Documents\Licenciatura\7Semestre\LEnsamblador\00PAlarma\LCD.X\kbd_cxx.asm
                  KBD_NUM   0x000098    program     static C:\Users\Rebeca Alvarado\Documents\Licenciatura\7Semestre\LEnsamblador\00PAlarma\LCD.X\kbd_cxx.asm
                     NUM1   0x000099    program     static C:\Users\Rebeca Alvarado\Documents\Licenciatura\7Semestre\LEnsamblador\00PAlarma\LCD.X\kbd_cxx.asm
                   NUMFIN   0x00009f    program     static C:\Users\Rebeca Alvarado\Documents\Licenciatura\7Semestre\LEnsamblador\00PAlarma\LCD.X\kbd_cxx.asm
                 KBD_TONO   0x0000a0    program     static C:\Users\Rebeca Alvarado\Documents\Licenciatura\7Semestre\LEnsamblador\00PAlarma\LCD.X\kbd_cxx.asm
                  KBD_LIB   0x0000ac    program     static C:\Users\Rebeca Alvarado\Documents\Licenciatura\7Semestre\LEnsamblador\00PAlarma\LCD.X\kbd_cxx.asm
                HEX_ASCII   0x0000b2    program     static C:\Users\Rebeca Alvarado\Documents\Licenciatura\7Semestre\LEnsamblador\00PAlarma\LCD.X\mensajes_tablas.asm
                   CODIGO   0x0000c4    program     static C:\Users\Rebeca Alvarado\Documents\Licenciatura\7Semestre\LEnsamblador\00PAlarma\LCD.X\mensajes_tablas.asm
                 ACEPTADO   0x0000cc    program     static C:\Users\Rebeca Alvarado\Documents\Licenciatura\7Semestre\LEnsamblador\00PAlarma\LCD.X\mensajes_tablas.asm
                MSG_ERROR   0x0000d4    program     static C:\Users\Rebeca Alvarado\Documents\Licenciatura\7Semestre\LEnsamblador\00PAlarma\LCD.X\mensajes_tablas.asm
                     NADA   0x0000dc    program     static C:\Users\Rebeca Alvarado\Documents\Licenciatura\7Semestre\LEnsamblador\00PAlarma\LCD.X\mensajes_tablas.asm
                    NUEVO   0x0000e3    program     static C:\Users\Rebeca Alvarado\Documents\Licenciatura\7Semestre\LEnsamblador\00PAlarma\LCD.X\mensajes_tablas.asm
               WAIT_ARMAR   0x0000ec    program     static C:\Users\Rebeca Alvarado\Documents\Licenciatura\7Semestre\LEnsamblador\00PAlarma\LCD.X\mensajes_tablas.asm
                    BLOCK   0x0000f4    program     static C:\Users\Rebeca Alvarado\Documents\Licenciatura\7Semestre\LEnsamblador\00PAlarma\LCD.X\mensajes_tablas.asm
                INIT_UART   0x0000fc    program     static C:\Users\Rebeca Alvarado\Documents\Licenciatura\7Semestre\LEnsamblador\00PAlarma\LCD.X\UART_LIB.asm
              UART_ENVIAR   0x00010a    program     static C:\Users\Rebeca Alvarado\Documents\Licenciatura\7Semestre\LEnsamblador\00PAlarma\LCD.X\UART_LIB.asm
                      wtT   0x00010b    program     static C:\Users\Rebeca Alvarado\Documents\Licenciatura\7Semestre\LEnsamblador\00PAlarma\LCD.X\UART_LIB.asm
             UART_RECIBIR   0x00010f    program     static C:\Users\Rebeca Alvarado\Documents\Licenciatura\7Semestre\LEnsamblador\00PAlarma\LCD.X\UART_LIB.asm
                  RX_OERR   0x000115    program     static C:\Users\Rebeca Alvarado\Documents\Licenciatura\7Semestre\LEnsamblador\00PAlarma\LCD.X\UART_LIB.asm
           COMPARAR_ARRAY   0x000118    program     static C:\Users\Rebeca Alvarado\Documents\Licenciatura\7Semestre\LEnsamblador\00PAlarma\LCD.X\kbd_lcd.asm
               WLCOMPARAR   0x00011a    program     static C:\Users\Rebeca Alvarado\Documents\Licenciatura\7Semestre\LEnsamblador\00PAlarma\LCD.X\kbd_lcd.asm
                  MatchMM   0x000129    program     static C:\Users\Rebeca Alvarado\Documents\Licenciatura\7Semestre\LEnsamblador\00PAlarma\LCD.X\kbd_lcd.asm
                  SIGUEMM   0x00012a    program     static C:\Users\Rebeca Alvarado\Documents\Licenciatura\7Semestre\LEnsamblador\00PAlarma\LCD.X\kbd_lcd.asm
                     FINC   0x000130    program     static C:\Users\Rebeca Alvarado\Documents\Licenciatura\7Semestre\LEnsamblador\00PAlarma\LCD.X\kbd_lcd.asm
                    IGUAL   0x000135    program     static C:\Users\Rebeca Alvarado\Documents\Licenciatura\7Semestre\LEnsamblador\00PAlarma\LCD.X\kbd_lcd.asm
                     DIFF   0x000137    program     static C:\Users\Rebeca Alvarado\Documents\Licenciatura\7Semestre\LEnsamblador\00PAlarma\LCD.X\kbd_lcd.asm
               INICIALIZA   0x000139    program     static C:\Users\Rebeca Alvarado\Documents\Licenciatura\7Semestre\LEnsamblador\00PAlarma\LCD.X\kbd_lcd.asm
                  _13LAZO   0x000161    program     static C:\Users\Rebeca Alvarado\Documents\Licenciatura\7Semestre\LEnsamblador\00PAlarma\LCD.X\kbd_lcd.asm
                _13FINMEN   0x000168    program     static C:\Users\Rebeca Alvarado\Documents\Licenciatura\7Semestre\LEnsamblador\00PAlarma\LCD.X\kbd_lcd.asm
                    DELAY   0x00016c    program     static C:\Users\Rebeca Alvarado\Documents\Licenciatura\7Semestre\LEnsamblador\00PAlarma\LCD.X\kbd_lcd.asm
                     DEL2   0x00016e    program     static C:\Users\Rebeca Alvarado\Documents\Licenciatura\7Semestre\LEnsamblador\00PAlarma\LCD.X\kbd_lcd.asm
                     DEL1   0x000170    program     static C:\Users\Rebeca Alvarado\Documents\Licenciatura\7Semestre\LEnsamblador\00PAlarma\LCD.X\kbd_lcd.asm
                    GranD   0x000175    program     static C:\Users\Rebeca Alvarado\Documents\Licenciatura\7Semestre\LEnsamblador\00PAlarma\LCD.X\kbd_lcd.asm
                    INTER   0x000181    program     static C:\Users\Rebeca Alvarado\Documents\Licenciatura\7Semestre\LEnsamblador\00PAlarma\LCD.X\kbd_lcd.asm
                 INT_TMR0   0x000187    program     static C:\Users\Rebeca Alvarado\Documents\Licenciatura\7Semestre\LEnsamblador\00PAlarma\LCD.X\kbd_lcd.asm
                  FIN_INT   0x00018b    program     static C:\Users\Rebeca Alvarado\Documents\Licenciatura\7Semestre\LEnsamblador\00PAlarma\LCD.X\kbd_lcd.asm
                 INIT_RES   0x00018d    program     static C:\Users\Rebeca Alvarado\Documents\Licenciatura\7Semestre\LEnsamblador\00PAlarma\LCD.X\kbd_lcd.asm
                  _15LAZO   0x000196    program     static C:\Users\Rebeca Alvarado\Documents\Licenciatura\7Semestre\LEnsamblador\00PAlarma\LCD.X\kbd_lcd.asm
                _15FINMEN   0x00019d    program     static C:\Users\Rebeca Alvarado\Documents\Licenciatura\7Semestre\LEnsamblador\00PAlarma\LCD.X\kbd_lcd.asm
                  KBD_LCD   0x0001a2    program     static C:\Users\Rebeca Alvarado\Documents\Licenciatura\7Semestre\LEnsamblador\00PAlarma\LCD.X\kbd_lcd.asm
                KB_LC_FIN   0x0001b0    program     static C:\Users\Rebeca Alvarado\Documents\Licenciatura\7Semestre\LEnsamblador\00PAlarma\LCD.X\kbd_lcd.asm
                SERV_TMR0   0x0001b1    program     static C:\Users\Rebeca Alvarado\Documents\Licenciatura\7Semestre\LEnsamblador\00PAlarma\LCD.X\kbd_lcd.asm
                    APAGA   0x0001b5    program     static C:\Users\Rebeca Alvarado\Documents\Licenciatura\7Semestre\LEnsamblador\00PAlarma\LCD.X\kbd_lcd.asm
                 CONTINUA   0x0001b6    program     static C:\Users\Rebeca Alvarado\Documents\Licenciatura\7Semestre\LEnsamblador\00PAlarma\LCD.X\kbd_lcd.asm
                  TRIGGER   0x0001bb    program     static C:\Users\Rebeca Alvarado\Documents\Licenciatura\7Semestre\LEnsamblador\00PAlarma\LCD.X\kbd_lcd.asm
               nueva_otra   0x0001c2    program     static C:\Users\Rebeca Alvarado\Documents\Licenciatura\7Semestre\LEnsamblador\00PAlarma\LCD.X\kbd_lcd.asm
                NUEVO_PIN   0x0001c2    program     static C:\Users\Rebeca Alvarado\Documents\Licenciatura\7Semestre\LEnsamblador\00PAlarma\LCD.X\kbd_lcd.asm
                  _19LAZO   0x0001c7    program     static C:\Users\Rebeca Alvarado\Documents\Licenciatura\7Semestre\LEnsamblador\00PAlarma\LCD.X\kbd_lcd.asm
                _19FINMEN   0x0001ce    program     static C:\Users\Rebeca Alvarado\Documents\Licenciatura\7Semestre\LEnsamblador\00PAlarma\LCD.X\kbd_lcd.asm
                  wtR_pin   0x0001d0    program     static C:\Users\Rebeca Alvarado\Documents\Licenciatura\7Semestre\LEnsamblador\00PAlarma\LCD.X\kbd_lcd.asm
                    WT_S3   0x0001de    program     static C:\Users\Rebeca Alvarado\Documents\Licenciatura\7Semestre\LEnsamblador\00PAlarma\LCD.X\kbd_lcd.asm
                    WT_S2   0x0001e1    program     static C:\Users\Rebeca Alvarado\Documents\Licenciatura\7Semestre\LEnsamblador\00PAlarma\LCD.X\kbd_lcd.asm
                  FIN_PIN   0x0001e4    program     static C:\Users\Rebeca Alvarado\Documents\Licenciatura\7Semestre\LEnsamblador\00PAlarma\LCD.X\kbd_lcd.asm
             INCORRECTO_3   0x0001e5    program     static C:\Users\Rebeca Alvarado\Documents\Licenciatura\7Semestre\LEnsamblador\00PAlarma\LCD.X\kbd_lcd.asm
                  _21LAZO   0x0001eb    program     static C:\Users\Rebeca Alvarado\Documents\Licenciatura\7Semestre\LEnsamblador\00PAlarma\LCD.X\kbd_lcd.asm
                _21FINMEN   0x0001f2    program     static C:\Users\Rebeca Alvarado\Documents\Licenciatura\7Semestre\LEnsamblador\00PAlarma\LCD.X\kbd_lcd.asm
                     wtRF   0x0001f7    program     static C:\Users\Rebeca Alvarado\Documents\Licenciatura\7Semestre\LEnsamblador\00PAlarma\LCD.X\kbd_lcd.asm
              DESBLOQUEAR   0x0001f7    program     static C:\Users\Rebeca Alvarado\Documents\Licenciatura\7Semestre\LEnsamblador\00PAlarma\LCD.X\kbd_lcd.asm
                  PIN_MAL   0x0001fe    program     static C:\Users\Rebeca Alvarado\Documents\Licenciatura\7Semestre\LEnsamblador\00PAlarma\LCD.X\kbd_lcd.asm
                  _22LAZO   0x000202    program     static C:\Users\Rebeca Alvarado\Documents\Licenciatura\7Semestre\LEnsamblador\00PAlarma\LCD.X\kbd_lcd.asm
                _22FINMEN   0x000209    program     static C:\Users\Rebeca Alvarado\Documents\Licenciatura\7Semestre\LEnsamblador\00PAlarma\LCD.X\kbd_lcd.asm
              _23delayaso   0x00020d    program     static C:\Users\Rebeca Alvarado\Documents\Licenciatura\7Semestre\LEnsamblador\00PAlarma\LCD.X\kbd_lcd.asm
                   PIN_OK   0x000212    program     static C:\Users\Rebeca Alvarado\Documents\Licenciatura\7Semestre\LEnsamblador\00PAlarma\LCD.X\kbd_lcd.asm
                  _24LAZO   0x000216    program     static C:\Users\Rebeca Alvarado\Documents\Licenciatura\7Semestre\LEnsamblador\00PAlarma\LCD.X\kbd_lcd.asm
                _24FINMEN   0x00021d    program     static C:\Users\Rebeca Alvarado\Documents\Licenciatura\7Semestre\LEnsamblador\00PAlarma\LCD.X\kbd_lcd.asm
              _25delayaso   0x000221    program     static C:\Users\Rebeca Alvarado\Documents\Licenciatura\7Semestre\LEnsamblador\00PAlarma\LCD.X\kbd_lcd.asm
                 ACTIVADA   0x000225    program     static C:\Users\Rebeca Alvarado\Documents\Licenciatura\7Semestre\LEnsamblador\00PAlarma\LCD.X\kbd_lcd.asm
                  _26LAZO   0x00022a    program     static C:\Users\Rebeca Alvarado\Documents\Licenciatura\7Semestre\LEnsamblador\00PAlarma\LCD.X\kbd_lcd.asm
                _26FINMEN   0x000231    program     static C:\Users\Rebeca Alvarado\Documents\Licenciatura\7Semestre\LEnsamblador\00PAlarma\LCD.X\kbd_lcd.asm
                  _27LAZO   0x000237    program     static C:\Users\Rebeca Alvarado\Documents\Licenciatura\7Semestre\LEnsamblador\00PAlarma\LCD.X\kbd_lcd.asm
                _27FINMEN   0x00023e    program     static C:\Users\Rebeca Alvarado\Documents\Licenciatura\7Semestre\LEnsamblador\00PAlarma\LCD.X\kbd_lcd.asm
                     main   0x000243    program     static C:\Users\Rebeca Alvarado\Documents\Licenciatura\7Semestre\LEnsamblador\00PAlarma\LCD.X\kbd_lcd.asm
              _29delayaso   0x000248    program     static C:\Users\Rebeca Alvarado\Documents\Licenciatura\7Semestre\LEnsamblador\00PAlarma\LCD.X\kbd_lcd.asm
                     WT_0   0x00024b    program     static C:\Users\Rebeca Alvarado\Documents\Licenciatura\7Semestre\LEnsamblador\00PAlarma\LCD.X\kbd_lcd.asm
                  _30LAZO   0x00024f    program     static C:\Users\Rebeca Alvarado\Documents\Licenciatura\7Semestre\LEnsamblador\00PAlarma\LCD.X\kbd_lcd.asm
                _30FINMEN   0x000256    program     static C:\Users\Rebeca Alvarado\Documents\Licenciatura\7Semestre\LEnsamblador\00PAlarma\LCD.X\kbd_lcd.asm
                 WT_ARMAR   0x00025b    program     static C:\Users\Rebeca Alvarado\Documents\Licenciatura\7Semestre\LEnsamblador\00PAlarma\LCD.X\kbd_lcd.asm
                    LOOP1   0x00025e    program     static C:\Users\Rebeca Alvarado\Documents\Licenciatura\7Semestre\LEnsamblador\00PAlarma\LCD.X\kbd_lcd.asm
                   CHECAR   0x000263    program     static C:\Users\Rebeca Alvarado\Documents\Licenciatura\7Semestre\LEnsamblador\00PAlarma\LCD.X\kbd_lcd.asm
               SHOW_ERROR   0x00026c    program     static C:\Users\Rebeca Alvarado\Documents\Licenciatura\7Semestre\LEnsamblador\00PAlarma\LCD.X\kbd_lcd.asm
                     PASS   0x000272    program     static C:\Users\Rebeca Alvarado\Documents\Licenciatura\7Semestre\LEnsamblador\00PAlarma\LCD.X\kbd_lcd.asm
                  _32LAZO   0x000277    program     static C:\Users\Rebeca Alvarado\Documents\Licenciatura\7Semestre\LEnsamblador\00PAlarma\LCD.X\kbd_lcd.asm
                _32FINMEN   0x00027e    program     static C:\Users\Rebeca Alvarado\Documents\Licenciatura\7Semestre\LEnsamblador\00PAlarma\LCD.X\kbd_lcd.asm
                    LOOP2   0x000280    program     static C:\Users\Rebeca Alvarado\Documents\Licenciatura\7Semestre\LEnsamblador\00PAlarma\LCD.X\kbd_lcd.asm


